// Jest Snapshot v1, https://goo.gl/fbAQLP

exports[`Home page matches snapshot 1`] = `
<DocumentFragment>
  <div
    class="flex mx-auto items-center justify-center shadow-lg mt-8 mb-4 max-w-lg"
  >
    <form
      class="w-full max-w-xl bg-white rounded-lg px-4 pt-2"
    >
      <div
        class="flex flex-wrap -mx-3 mb-6"
      >
        <h2
          class="px-4 pt-3 pb-2 text-gray-800 text-lg"
        >
          Add a new Comment
        </h2>
        <div
          class="w-full md-w-full px-3 mb-2 mt-2"
        >
          <textarea
            class="bg-gray-100 rounded border border-gray-400 leading-normal resize-none w-full h-20 py-2 px-3 font-medium placeholder-gray-700 focus:outline-none focus:bg-white"
            id="content"
            name="body"
            placeholder="Type Your Comment"
            required=""
          />
        </div>
        <div
          class="w-full md-w-full flex items-start md:w-full px-3"
        >
          <div
            class="mr-auto"
          />
          <div
            class="-mr-1"
          >
            <button
              class="bg-white text-gray-700 font-medium py-1 px-4 border border-gray-400 rounded-lg tracking-wide mr-1 hover:bg-gray-100"
            >
              Post
            </button>
          </div>
        </div>
      </div>
    </form>
  </div>
  <span>
    Now loading...
  </span>
</DocumentFragment>
`;
